###############################################################################
#
# IAR ELF Linker V9.20.4.327/W64 for ARM                  02/Jan/2024  22:25:04
# Copyright 2007-2022 IAR Systems AB.
#
#    Output file  =
#        C:\youseef\asu
#        university\fall2023\embedded\project\Debug\Exe\sender.out
#    Map file     =
#        C:\youseef\asu
#        university\fall2023\embedded\project\Debug\List\sender.map
#    Command line =
#        -f "C:\youseef\asu
#        university\fall2023\embedded\project\Debug\Exe\sender.out.rsp"
#        ("C:\youseef\asu
#        university\fall2023\embedded\project\Debug\Obj\bluetoothModule.o"
#        "C:\youseef\asu
#        university\fall2023\embedded\project\Debug\Obj\fumeSensor.o"
#        "C:\youseef\asu
#        university\fall2023\embedded\project\Debug\Obj\laserDiode.o"
#        "C:\youseef\asu
#        university\fall2023\embedded\project\Debug\Obj\magneticSensor.o"
#        "C:\youseef\asu university\fall2023\embedded\project\Debug\Obj\main.o"
#        "C:\youseef\asu
#        university\fall2023\embedded\project\Debug\Obj\ultrasonic.o"
#        --no_out_extension -o "C:\youseef\asu
#        university\fall2023\embedded\project\Debug\Exe\sender.out" --redirect
#        _Printf=_PrintfFullNoMb --redirect _Scanf=_ScanfFullNoMb --map
#        "C:\youseef\asu
#        university\fall2023\embedded\project\Debug\List\sender.map" --config
#        "C:\Program Files\IAR Systems\Embedded Workbench
#        9.0\arm\config\linker\TexasInstruments\TM4C123GH6.icf" --semihosting
#        --entry __iar_program_start --vfe --text_out locale)
#
###############################################################################

*******************************************************************************
*** RUNTIME MODEL ATTRIBUTES
***

CppFlavor       = *
__CPP_Runtime   = 1
__SystemLibrary = DLib
__dlib_version  = 6


*******************************************************************************
*** HEAP SELECTION
***

The basic heap was selected because no calls to memory allocation
functions were found in the application outside of system library
functions, and there are calls to deallocation functions in the
application.


*******************************************************************************
*** PLACEMENT SUMMARY
***

"A0":  place at address 0x0 { ro section .intvec };
"P1":  place in [from 0x0 to 0x3'ffff] { ro };
define block CSTACK with size = 4K, alignment = 8 { };
define block HEAP with size = 8K, alignment = 8 { };
"P2":  place in [from 0x2000'0000 to 0x2000'7fff] {
          rw, block CSTACK, block HEAP };
initialize by copy { rw };

  Section            Kind         Address    Size  Object
  -------            ----         -------    ----  ------
"A0":                                        0x40
  .intvec            ro code          0x0    0x40  vector_table_M.o [4]
                                   - 0x40    0x40

"P1":                                      0x2584
  .text              ro code         0x40   0xf12  xprintffull_nomb.o [2]
  .text              ro code        0xf52    0x3a  packbits_init_single.o [4]
  .text              ro code        0xf8c    0x16  strchr.o [4]
  .text              ro code        0xfa2     0x2  vectortrap_M.o [4]
  .text              ro code        0xfa4    0x40  xfail_s.o [2]
  .text              ro code        0xfe4    0x36  strlen.o [4]
  .text              ro code       0x101c    0x58  memchr.o [4]
  .text              ro code       0x1074    0x76  ABImemcpy_unaligned.o [4]
  .text              ro code       0x10ec    0x70  frexp.o [3]
  .text              ro code       0x115c    0x34  DblCmpLe.o [3]
  .text              ro code       0x1190    0x34  DblCmpGe.o [3]
  .text              ro code       0x11c4   0x13a  ldexp.o [3]
  .text              ro code       0x1300    0x36  DblToS32.o [3]
  .text              ro code       0x1338    0x22  S32ToDbl.o [3]
  .text              ro code       0x135c   0x24e  DblAddSub.o [3]
  .text              ro code       0x15ac   0x246  DblDiv.o [3]
  .text              ro code       0x17f4    0x22  DblToU32.o [3]
  .text              ro code       0x1818    0x1c  U32ToDbl.o [3]
  .text              ro code       0x1834   0x1aa  DblMul.o [3]
  .text              ro code       0x19e0   0x230  I64DivMod.o [4]
  .text              ro code       0x1c10     0x6  abort.o [2]
  .text              ro code       0x1c18     0x2  I64DivZer.o [4]
  .text              ro code       0x1c1c    0x14  exit.o [5]
  .text              ro code       0x1c30    0x7c  iarttio.o [5]
  .text              ro code       0x1cac     0x8  XShttio.o [2]
  .text              ro code       0x1cb4   0x318  laserDiode.o [1]
  .text              ro code       0x1fcc   0x1f8  ultrasonic.o [1]
  .text              ro code       0x21c4    0xc4  fumeSensor.o [1]
  .text              ro code       0x2288    0xc0  main.o [1]
  .text              ro code       0x2348    0x48  magneticSensor.o [1]
  .text              ro code       0x2390    0x2e  bluetoothModule.o [1]
  .text              ro code       0x23c0    0x28  printf.o [2]
  .rodata            const         0x23e8    0x28  main.o [1]
  .text              ro code       0x2410    0x28  data_init.o [4]
  .rodata            const         0x2438    0x24  main.o [1]
  .text              ro code       0x245c    0x22  fpinit_M.o [3]
  .text              ro code       0x247e    0x22  iarwrite.o [5]
  .iar.init_table    const         0x24a0    0x10  - Linker created -
  .text              ro code       0x24b0    0x20  putchar.o [2]
  .text              ro code       0x24d0    0x10  write.o [5]
  .text              ro code       0x24e0    0x1e  dwrite.o [5]
  .text              ro code       0x24fe    0x20  iarwstd.o [5]
  .text              ro code       0x2520    0x1e  cmain.o [4]
  .text              ro code       0x253e     0x4  low_level_init.o [2]
  .text              ro code       0x2542     0x4  exit.o [2]
  .text              ro code       0x2548     0xa  cexit.o [4]
  .text              ro code       0x2554    0x1c  cstartup_M.o [4]
  .text              ro code       0x2570    0x16  xprout.o [2]
  .rodata            const         0x2588    0x14  main.o [1]
  .rodata            const         0x259c     0xc  main.o [1]
  .rodata            const         0x25a8     0xc  main.o [1]
  .rodata            const         0x25b4     0xc  main.o [1]
  .rodata            const         0x25c0     0x0  packbits_init_single.o [4]
  Initializer bytes  const         0x25c0     0x4  <for P2-1>
                                 - 0x25c4  0x2584

"P2", part 1 of 2:                           0x14
  P2-1                        0x2000'0000    0x14  <Init block>
    .data            inited   0x2000'0000     0x8  XShttio.o [2]
    .bss             inited   0x2000'0008     0x4  main.o [1]
    .bss             inited   0x2000'000c     0x4  main.o [1]
    .bss             inited   0x2000'0010     0x4  xfail_s.o [2]
                            - 0x2000'0014    0x14

"P2", part 2 of 2:                         0x1000
  CSTACK                      0x2000'0018  0x1000  <Block>
    CSTACK           uninit   0x2000'0018  0x1000  <Block tail>
                            - 0x2000'1018  0x1000

Unused ranges:

         From           To      Size
         ----           --      ----
       0x25c4     0x3'ffff  0x3'da3c
  0x2000'0014  0x2000'0017       0x4
  0x2000'1018  0x2000'7fff    0x6fe8


*******************************************************************************
*** INIT TABLE
***

          Address      Size
          -------      ----
Copy/packbits (__iar_packbits_init_single3)
    1 source range, total size 0x4 (20% of destination):
               0x25c0   0x4
    1 destination range, total size 0x14:
          0x2000'0000  0x14



*******************************************************************************
*** MODULE SUMMARY
***

    Module                  ro code  ro data  rw data
    ------                  -------  -------  -------
command line/config:
    -------------------------------------------------
    Total:

C:\youseef\asu university\fall2023\embedded\project\Debug\Obj: [1]
    bluetoothModule.o            46
    fumeSensor.o                196
    laserDiode.o                792
    magneticSensor.o             72
    main.o                      192      134        8
    ultrasonic.o                504
    -------------------------------------------------
    Total:                    1'802      134        8

dl7M_tln.a: [2]
    XShttio.o                     8        1        8
    abort.o                       6
    exit.o                        4
    low_level_init.o              4
    printf.o                     40
    putchar.o                    32
    xfail_s.o                    64        1        4
    xprintffull_nomb.o        3'858
    xprout.o                     22
    -------------------------------------------------
    Total:                    4'038        2       12

m7M_tls.a: [3]
    DblAddSub.o                 590
    DblCmpGe.o                   52
    DblCmpLe.o                   52
    DblDiv.o                    582
    DblMul.o                    426
    DblToS32.o                   54
    DblToU32.o                   34
    S32ToDbl.o                   34
    U32ToDbl.o                   28
    fpinit_M.o                   34
    frexp.o                     112
    ldexp.o                     314
    -------------------------------------------------
    Total:                    2'312

rt7M_tl.a: [4]
    ABImemcpy_unaligned.o       118
    I64DivMod.o                 560
    I64DivZer.o                   2
    cexit.o                      10
    cmain.o                      30
    cstartup_M.o                 28
    data_init.o                  40
    memchr.o                     88
    packbits_init_single.o       58
    strchr.o                     22
    strlen.o                     54
    vector_table_M.o             64
    vectortrap_M.o                2
    -------------------------------------------------
    Total:                    1'076

shb_l.a: [5]
    dwrite.o                     30
    exit.o                       20
    iarttio.o                   124
    iarwrite.o                   34
    iarwstd.o                    32
    write.o                      16
    -------------------------------------------------
    Total:                      256

    Gaps                         30        2
    Linker created                        16    4'096
-----------------------------------------------------
    Grand Total:              9'514      154    4'116


*******************************************************************************
*** ENTRY LIST
***

Entry                       Address   Size  Type      Object
-----                       -------   ----  ----      ------
.iar.init_table$$Base        0x24a0          --   Gb  - Linker created -
.iar.init_table$$Limit       0x24b0          --   Gb  - Linker created -
?main                        0x2521         Code  Gb  cmain.o [4]
ADC_init                     0x21c5   0x60  Code  Gb  fumeSensor.o [1]
Bluetooth_Write              0x2391   0x10  Code  Gb  bluetoothModule.o [1]
Bluetooth_Write_String       0x23a9   0x16  Code  Gb  bluetoothModule.o [1]
BusFault_Handler              0xfa3         Code  Wk  vectortrap_M.o [4]
CSTACK$$Base            0x2000'0018          --   Gb  - Linker created -
CSTACK$$Limit           0x2000'1018          --   Gb  - Linker created -
DebugMon_Handler              0xfa3         Code  Wk  vectortrap_M.o [4]
Delay_MicroSecond            0x20a7   0x48  Code  Gb  ultrasonic.o [1]
HardFault_Handler             0xfa3         Code  Wk  vectortrap_M.o [4]
Measure_distance             0x1fcd   0x52  Code  Gb  ultrasonic.o [1]
MemManage_Handler             0xfa3         Code  Wk  vectortrap_M.o [4]
NMI_Handler                   0xfa3         Code  Wk  vectortrap_M.o [4]
OffSendData                  0x1f4d   0x80  Code  Gb  laserDiode.o [1]
OnSendData                   0x1ed1   0x7c  Code  Gb  laserDiode.o [1]
PendSV_Handler                0xfa3         Code  Wk  vectortrap_M.o [4]
Region$$Table$$Base          0x24a0          --   Gb  - Linker created -
Region$$Table$$Limit         0x24b0          --   Gb  - Linker created -
SVC_Handler                   0xfa3         Code  Wk  vectortrap_M.o [4]
SysTick_Handler               0xfa3         Code  Wk  vectortrap_M.o [4]
Timer0ACapture_init          0x201f   0x88  Code  Gb  ultrasonic.o [1]
UART5_init                   0x20ef   0x54  Code  Gb  ultrasonic.o [1]
UsageFault_Handler            0xfa3         Code  Wk  vectortrap_M.o [4]
_LitobFullNoMb                0xd59  0x10c  Code  Lc  xprintffull_nomb.o [2]
_PrintfFullNoMb                0x41  0xce8  Code  Gb  xprintffull_nomb.o [2]
_Prout                       0x2571   0x16  Code  Gb  xprout.o [2]
_PutcharFullNoMb              0xebd   0x20  Code  Lc  xprintffull_nomb.o [2]
_PutcharsFullNoMb             0xedd   0x2e  Code  Lc  xprintffull_nomb.o [2]
__aeabi_cdcmple              0x115d         Code  Gb  DblCmpLe.o [3]
__aeabi_cdrcmple             0x1191         Code  Gb  DblCmpGe.o [3]
__aeabi_d2iz                 0x1301         Code  Gb  DblToS32.o [3]
__aeabi_d2uiz                0x17f5         Code  Gb  DblToU32.o [3]
__aeabi_ddiv                 0x15ad         Code  Gb  DblDiv.o [3]
__aeabi_dmul                 0x1835         Code  Gb  DblMul.o [3]
__aeabi_dsub                 0x14c9         Code  Gb  DblAddSub.o [3]
__aeabi_i2d                  0x1339         Code  Gb  S32ToDbl.o [3]
__aeabi_ldiv0                0x1c19         Code  Gb  I64DivZer.o [4]
__aeabi_ui2d                 0x1819         Code  Gb  U32ToDbl.o [3]
__aeabi_uldivmod             0x19e1         Code  Gb  I64DivMod.o [4]
__cmain                      0x2521         Code  Gb  cmain.o [4]
__dwrite                     0x24e1   0x1e  Code  Gb  dwrite.o [5]
__exit                       0x1c1d   0x14  Code  Gb  exit.o [5]
__iar_Fail_s                  0xfa5   0x1c  Code  Gb  xfail_s.o [2]
__iar_Memchr                 0x101d         Code  Gb  memchr.o [4]
__iar_Strchr                  0xf8d         Code  Gb  strchr.o [4]
__iar_close_ttio             0x1c31   0x2c  Code  Gb  iarttio.o [5]
__iar_data_init3             0x2411   0x28  Code  Gb  data_init.o [4]
__iar_frexp                  0x10f9         Code  Gb  frexp.o [3]
__iar_frexpl                 0x10f9         Code  Gb  frexp.o [3]
__iar_get_ttio               0x1c5d   0x4c  Code  Gb  iarttio.o [5]
__iar_init_vfp               0x245d         Code  Gb  fpinit_M.o [3]
__iar_ldexp64                0x11c5         Code  Gb  ldexp.o [3]
__iar_lookup_ttioh           0x1cad    0x8  Code  Gb  XShttio.o [2]
__iar_packbits_init_single3
                              0xf53   0x3a  Code  Gb  packbits_init_single.o [4]
__iar_program_start          0x2555         Code  Gb  cstartup_M.o [4]
__iar_scalbln64              0x11c5         Code  Gb  ldexp.o [3]
__iar_scalbn64               0x11c5         Code  Gb  ldexp.o [3]
__iar_sh_stdout              0x24ff   0x20  Code  Gb  iarwstd.o [5]
__iar_sh_write               0x247f   0x22  Code  Gb  iarwrite.o [5]
__iar_softfp___iar_frexp64
                             0x10ed         Code  Gb  frexp.o [3]
__iar_softfp_frexp           0x10ed         Code  Gb  frexp.o [3]
__iar_softfp_frexpl          0x10ed         Code  Gb  frexp.o [3]
__iar_ttio_handles      0x2000'0000    0x8  Data  Lc  XShttio.o [2]
__iar_unaligned_memcpy       0x1075         Code  Gb  ABImemcpy_unaligned.o [4]
__iar_unaligned_memcpy4
                             0x1095         Code  Gb  ABImemcpy_unaligned.o [4]
__iar_unaligned_memcpy8
                             0x1095         Code  Gb  ABImemcpy_unaligned.o [4]
__low_level_init             0x253f    0x4  Code  Gb  low_level_init.o [2]
__vector_table                  0x0         Data  Gb  vector_table_M.o [4]
__write                      0x24d1   0x10  Code  Gb  write.o [5]
_call_main                   0x252d         Code  Gb  cmain.o [4]
_exit                        0x2549         Code  Gb  cexit.o [4]
abort                        0x1c11    0x6  Code  Gb  abort.o [2]
clear_sample_flag            0x2239    0x8  Code  Gb  fumeSensor.o [1]
delay                        0x1d3d   0x32  Code  Gb  laserDiode.o [1]
delayInit                    0x1d31    0xc  Code  Gb  laserDiode.o [1]
diodeOff                     0x1d29    0x8  Code  Gb  laserDiode.o [1]
diodeOn                      0x1d1d    0xc  Code  Gb  laserDiode.o [1]
distance                0x2000'000c    0x4  Data  Gb  main.o [1]
exit                         0x2543    0x4  Code  Gb  exit.o [2]
fumeSensorSendData           0x1da5   0x4c  Code  Gb  laserDiode.o [1]
fume_sensor                  0x2241   0x12  Code  Gb  fumeSensor.o [1]
laserDiode                   0x1ce7   0x36  Code  Gb  laserDiode.o [1]
laserDiodeInit               0x1cb5   0x32  Code  Gb  laserDiode.o [1]
ldexp                        0x11c5         Code  Gb  ldexp.o [3]
ldexpl                       0x11c5         Code  Gb  ldexp.o [3]
mag_sensor                   0x2349   0x48  Code  Gb  magneticSensor.o [1]
magneticSensorSendData       0x1e55   0x7c  Code  Gb  laserDiode.o [1]
main                         0x2289   0xc0  Code  Gb  main.o [1]
memchr                       0x101d         Code  Gb  memchr.o [4]
printf                       0x23c1   0x28  Code  Gb  printf.o [2]
putchar                      0x24b1   0x20  Code  Gb  putchar.o [2]
scalbln                      0x11c5         Code  Gb  ldexp.o [3]
scalblnl                     0x11c5         Code  Gb  ldexp.o [3]
scalbn                       0x11c5         Code  Gb  ldexp.o [3]
scalbnl                      0x11c5         Code  Gb  ldexp.o [3]
scale                         0xe65   0x46  Code  Lc  xprintffull_nomb.o [2]
sec_hand                0x2000'0010    0x4  Data  Lc  xfail_s.o [2]
start_sampling               0x2225   0x14  Code  Gb  fumeSensor.o [1]
strchr                        0xf8d         Code  Gb  strchr.o [4]
strlen                        0xfe5         Code  Gb  strlen.o [4]
time                    0x2000'0008    0x4  Data  Gb  main.o [1]
ultrasonicSensorSendData
                             0x1df1   0x64  Code  Gb  laserDiode.o [1]


[1] = C:\youseef\asu university\fall2023\embedded\project\Debug\Obj
[2] = dl7M_tln.a
[3] = m7M_tls.a
[4] = rt7M_tl.a
[5] = shb_l.a

  9'514 bytes of readonly  code memory
    154 bytes of readonly  data memory
  4'116 bytes of readwrite data memory

Errors: none
Warnings: none
