###############################################################################
#
# IAR ELF Linker V9.20.4.327/W64 for ARM                  27/Dec/2023  18:46:31
# Copyright 2007-2022 IAR Systems AB.
#
#    Output file  =
#        C:\Users\Owner\OneDrive\Desktop\projectEmb\Tiva_c_hazard_system-\Debug\Exe\sender.out
#    Map file     =
#        C:\Users\Owner\OneDrive\Desktop\projectEmb\Tiva_c_hazard_system-\Debug\List\sender.map
#    Command line =
#        -f
#        C:\Users\Owner\OneDrive\Desktop\projectEmb\Tiva_c_hazard_system-\Debug\Exe\sender.out.rsp
#        (C:\Users\Owner\OneDrive\Desktop\projectEmb\Tiva_c_hazard_system-\Debug\Obj\bluetoothModule.o
#        C:\Users\Owner\OneDrive\Desktop\projectEmb\Tiva_c_hazard_system-\Debug\Obj\laserDiode.o
#        C:\Users\Owner\OneDrive\Desktop\projectEmb\Tiva_c_hazard_system-\Debug\Obj\main.o
#        C:\Users\Owner\OneDrive\Desktop\projectEmb\Tiva_c_hazard_system-\Debug\Obj\ultrasonic.o
#        --no_out_extension -o
#        C:\Users\Owner\OneDrive\Desktop\projectEmb\Tiva_c_hazard_system-\Debug\Exe\sender.out
#        --redirect _Printf=_PrintfFullNoMb --redirect _Scanf=_ScanfFullNoMb
#        --map
#        C:\Users\Owner\OneDrive\Desktop\projectEmb\Tiva_c_hazard_system-\Debug\List\sender.map
#        --config "C:\Program Files\IAR Systems\Embedded Workbench
#        9.0\arm\config\linker\TexasInstruments\TM4C123GH6.icf" --semihosting
#        --entry __iar_program_start --vfe --text_out locale)
#
###############################################################################

*******************************************************************************
*** RUNTIME MODEL ATTRIBUTES
***

CppFlavor       = *
__CPP_Runtime   = 1
__SystemLibrary = DLib
__dlib_version  = 6


*******************************************************************************
*** HEAP SELECTION
***

The basic heap was selected because no calls to memory allocation
functions were found in the application outside of system library
functions, and there are calls to deallocation functions in the
application.


*******************************************************************************
*** PLACEMENT SUMMARY
***

"A0":  place at address 0x0 { ro section .intvec };
"P1":  place in [from 0x0 to 0x3'ffff] { ro };
define block CSTACK with size = 4K, alignment = 8 { };
define block HEAP with size = 8K, alignment = 8 { };
"P2":  place in [from 0x2000'0000 to 0x2000'7fff] {
          rw, block CSTACK, block HEAP };

No sections matched the following patterns:

  rw  in "P2"


  Section   Kind         Address    Size  Object
  -------   ----         -------    ----  ------
"A0":                               0x40
  .intvec   ro code          0x0    0x40  vector_table_M.o [4]
                          - 0x40    0x40

"P1":                              0x270
  .text     ro code         0x40    0xb4  main.o [1]
  .text     ro code         0xf4    0x96  ultrasonic.o [1]
  .text     ro code        0x18a     0x2  vectortrap_M.o [4]
  .text     ro code        0x18c    0x3e  bluetoothModule.o [1]
  .text     ro code        0x1cc    0x22  fpinit_M.o [3]
  .text     ro code        0x1f0    0x1e  cmain.o [4]
  .text     ro code        0x20e     0x4  low_level_init.o [2]
  .text     ro code        0x212     0x4  exit.o [2]
  .text     ro code        0x218     0xa  cexit.o [4]
  .text     ro code        0x224    0x14  exit.o [5]
  .text     ro code        0x238    0x1c  cstartup_M.o [4]
  .rodata   const          0x254    0x10  main.o [1]
  .rodata   const          0x264    0x10  main.o [1]
  .rodata   const          0x274    0x10  main.o [1]
  .rodata   const          0x284    0x10  main.o [1]
  .rodata   const          0x294    0x10  main.o [1]
  .rodata   const          0x2a4     0xc  main.o [1]
                         - 0x2b0   0x270

"P2":                             0x1000
  CSTACK             0x2000'0000  0x1000  <Block>
    CSTACK  uninit   0x2000'0000  0x1000  <Block tail>
                   - 0x2000'1000  0x1000

Unused ranges:

         From           To      Size
         ----           --      ----
        0x2b0     0x3'ffff  0x3'fd50
  0x2000'1000  0x2000'7fff    0x7000



*******************************************************************************
*** MODULE SUMMARY
***

    Module             ro code  ro data  rw data
    ------             -------  -------  -------
command line/config:
    --------------------------------------------
    Total:

C:\Users\Owner\OneDrive\Desktop\projectEmb\Tiva_c_hazard_system-\Debug\Obj: [1]
    bluetoothModule.o       62
    main.o                 180       92
    ultrasonic.o           150
    --------------------------------------------
    Total:                 392       92

dl7M_tln.a: [2]
    exit.o                   4
    low_level_init.o         4
    --------------------------------------------
    Total:                   8

m7M_tls.a: [3]
    fpinit_M.o              34
    --------------------------------------------
    Total:                  34

rt7M_tl.a: [4]
    cexit.o                 10
    cmain.o                 30
    cstartup_M.o            28
    vector_table_M.o        64
    vectortrap_M.o           2
    --------------------------------------------
    Total:                 134

shb_l.a: [5]
    exit.o                  20
    --------------------------------------------
    Total:                  20

    Gaps                     8
    Linker created                         4'096
------------------------------------------------
    Grand Total:           596       92    4'096


*******************************************************************************
*** ENTRY LIST
***

Entry                       Address  Size  Type      Object
-----                       -------  ----  ----      ------
?main                         0x1f1        Code  Gb  cmain.o [4]
Bluetooth_Read                0x18d  0x10  Code  Gb  bluetoothModule.o [1]
Bluetooth_Write               0x19d  0x10  Code  Gb  bluetoothModule.o [1]
Bluetooth_Write_String        0x1b5  0x16  Code  Gb  bluetoothModule.o [1]
BusFault_Handler              0x18b        Code  Wk  vectortrap_M.o [4]
CSTACK$$Base            0x2000'0000         --   Gb  - Linker created -
CSTACK$$Limit           0x2000'1000         --   Gb  - Linker created -
DebugMon_Handler              0x18b        Code  Wk  vectortrap_M.o [4]
Delay                         0x175  0x16  Code  Gb  ultrasonic.o [1]
HardFault_Handler             0x18b        Code  Wk  vectortrap_M.o [4]
MemManage_Handler             0x18b        Code  Wk  vectortrap_M.o [4]
NMI_Handler                   0x18b        Code  Wk  vectortrap_M.o [4]
PendSV_Handler                0x18b        Code  Wk  vectortrap_M.o [4]
Region$$Table$$Base             0x0         --   Gb  - Linker created -
Region$$Table$$Limit            0x0         --   Gb  - Linker created -
SVC_Handler                   0x18b        Code  Wk  vectortrap_M.o [4]
SysTick_Handler               0x18b        Code  Wk  vectortrap_M.o [4]
UART5_init                     0xf5  0x54  Code  Gb  ultrasonic.o [1]
UsageFault_Handler            0x18b        Code  Wk  vectortrap_M.o [4]
__cmain                       0x1f1        Code  Gb  cmain.o [4]
__exit                        0x225  0x14  Code  Gb  exit.o [5]
__iar_init_vfp                0x1cd        Code  Gb  fpinit_M.o [3]
__iar_program_start           0x239        Code  Gb  cstartup_M.o [4]
__low_level_init              0x20f   0x4  Code  Gb  low_level_init.o [2]
__vector_table                  0x0        Data  Gb  vector_table_M.o [4]
_call_main                    0x1fd        Code  Gb  cmain.o [4]
_exit                         0x219        Code  Gb  cexit.o [4]
exit                          0x213   0x4  Code  Gb  exit.o [2]
main                           0x41  0xb4  Code  Gb  main.o [1]


[1] = C:\Users\Owner\OneDrive\Desktop\projectEmb\Tiva_c_hazard_system-\Debug\Obj
[2] = dl7M_tln.a
[3] = m7M_tls.a
[4] = rt7M_tl.a
[5] = shb_l.a

    596 bytes of readonly  code memory
     92 bytes of readonly  data memory
  4'096 bytes of readwrite data memory

Errors: none
Warnings: none
